******************************************************************************
                  TI ARM Linker Unix v18.12.4                  
******************************************************************************
>> Linked Sun May 24 15:50:50 2020

OUTPUT FILE NAME:   <Hotel_Room_UART.out>
ENTRY POINT SYMBOL: "_c_int00_noargs"  address: 00000d91


MEMORY CONFIGURATION

         name            origin    length      used     unused   attr    fill
----------------------  --------  ---------  --------  --------  ----  --------
  FLASH                 00000000   00040000  00000e4c  0003f1b4  R  X
  SRAM                  20000000   00008000  00000210  00007df0  RW X


SEGMENT ALLOCATION MAP

run origin  load origin   length   init length attrs members
----------  ----------- ---------- ----------- ----- -------
00000000    00000000    00000e50   00000e50    r-x
  00000000    00000000    0000026c   0000026c    r-- .intvecs
  0000026c    0000026c    00000ba8   00000ba8    r-x .text
  00000e18    00000e18    00000038   00000038    r-- .cinit
20000000    20000000    00000210   00000000    rw-
  20000000    20000000    00000200   00000000    rw- .stack
  20000200    20000200    0000000b   00000000    rw- .data
  2000020b    2000020b    00000005   00000000    rw- .bss


SECTION ALLOCATION MAP

 output                                  attributes/
section   page    origin      length       input sections
--------  ----  ----------  ----------   ----------------
.intvecs   0    00000000    0000026c     
                  00000000    0000026c     tm4c123gh6pm_startup_ccs.obj (.intvecs)

.text      0    0000026c    00000ba8     
                  0000026c    0000039c     HotelRoom.obj (.text)
                  00000608    000002b8     UART.obj (.text)
                  000008c0    000002a4     EEPROM.obj (.text)
                  00000b64    0000009c     rtsv7M4_T_le_v4SPD16_eabi.lib : memcpy_t2.asm.obj (.text)
                  00000c00    00000068                                   : copy_decompress_lzss.c.obj (.text:decompress:lzss:__TI_decompress_lzss)
                  00000c68    00000060     main.obj (.text)
                  00000cc8    00000050     driverlib.lib : sysctl.obj (.text:SysCtlPeripheralReset)
                  00000d18    00000044     rtsv7M4_T_le_v4SPD16_eabi.lib : autoinit.c.obj (.text:__TI_auto_init_nobinit_nopinit:__TI_auto_init_nobinit_nopinit)
                  00000d5c    00000034     driverlib.lib : sysctl.obj (.text:SysCtlPeripheralEnable)
                  00000d90    00000034     rtsv7M4_T_le_v4SPD16_eabi.lib : boot_cortex_m.c.obj (.text:_c_int00_noargs:_c_int00_noargs)
                  00000dc4    0000001c                                   : copy_zero_init.c.obj (.text:decompress:ZI:__TI_zero_init_nomemset:__TI_zero_init_nomemset)
                  00000de0    0000000e                                   : copy_decompress_none.c.obj (.text:decompress:none:__TI_decompress_none)
                  00000dee    0000000c     driverlib.lib : cpu.obj (.text:CPUcpsie)
                  00000dfa    0000000c     tm4c123gh6pm_startup_ccs.obj (.text)
                  00000e06    00000006     driverlib.lib : sysctl.obj (.text:SysCtlDelay)
                  00000e0c    00000004     rtsv7M4_T_le_v4SPD16_eabi.lib : pre_init.c.obj (.text:_system_pre_init)
                  00000e10    00000004                                   : exit.c.obj (.text:abort:abort)

.cinit     0    00000e18    00000038     
                  00000e18    0000000e     (.cinit..data.load) [load image, compression = lzss]
                  00000e26    00000002     --HOLE-- [fill = 0]
                  00000e28    0000000c     (__TI_handler_table)
                  00000e34    00000004     --HOLE-- [fill = 0]
                  00000e38    00000008     (.cinit..bss.load) [load image, compression = zero_init]
                  00000e40    00000010     (__TI_cinit_table)

.init_array 
*          0    00000000    00000000     UNINITIALIZED

.data      0    20000200    0000000b     UNINITIALIZED
                  20000200    0000000a     HotelRoom.obj (.data)
                  2000020a    00000001     main.obj (.data)

.bss       0    2000020b    00000005     UNINITIALIZED
                  2000020b    00000001     (.common:Lock_Error)
                  2000020c    00000001     (.common:Lock_State)
                  2000020d    00000001     (.common:Set_Password_Error)
                  2000020e    00000001     (.common:Unlock_Error)
                  2000020f    00000001     (.common:password_count)

.stack     0    20000000    00000200     UNINITIALIZED
                  20000000    00000004     rtsv7M4_T_le_v4SPD16_eabi.lib : boot_cortex_m.c.obj (.stack)
                  20000004    000001fc     --HOLE--

MODULE SUMMARY

       Module                         code   ro data   rw data
       ------                         ----   -------   -------
    ./
       HotelRoom.obj                  924    0         15     
       UART.obj                       696    0         0      
       EEPROM.obj                     676    0         0      
       tm4c123gh6pm_startup_ccs.obj   12     620       0      
       main.obj                       96     0         1      
    +--+------------------------------+------+---------+---------+
       Total:                         2404   620       16     
                                                              
    /home/tho/ti/TivaWare_C_Series-2.1.4.178/driverlib/ccs/Debug/driverlib.lib
       sysctl.obj                     138    0         0      
       cpu.obj                        12     0         0      
    +--+------------------------------+------+---------+---------+
       Total:                         150    0         0      
                                                              
    /home/tho/ti/ccs930/ccs/tools/compiler/ti-cgt-arm_18.12.4.LTS/lib/rtsv7M4_T_le_v4SPD16_eabi.lib
       memcpy_t2.asm.obj              156    0         0      
       copy_decompress_lzss.c.obj     104    0         0      
       autoinit.c.obj                 68     0         0      
       boot_cortex_m.c.obj            52     0         0      
       copy_zero_init.c.obj           28     0         0      
       copy_decompress_none.c.obj     14     0         0      
       exit.c.obj                     4      0         0      
       pre_init.c.obj                 4      0         0      
    +--+------------------------------+------+---------+---------+
       Total:                         430    0         0      
                                                              
       Stack:                         0      0         512    
       Linker Generated:              0      50        0      
    +--+------------------------------+------+---------+---------+
       Grand Total:                   2984   670       528    


LINKER GENERATED COPY TABLES

__TI_cinit_table @ 00000e40 records: 2, size/record: 8, table size: 16
	.data: load addr=00000e18, load size=0000000e bytes, run addr=20000200, run size=0000000b bytes, compression=lzss
	.bss: load addr=00000e38, load size=00000008 bytes, run addr=2000020b, run size=00000005 bytes, compression=zero_init


LINKER GENERATED HANDLER TABLE

__TI_handler_table @ 00000e28 records: 3, size/record: 4, table size: 12
	index: 0, handler: __TI_decompress_lzss
	index: 1, handler: __TI_decompress_none
	index: 2, handler: __TI_zero_init


GLOBAL SYMBOLS: SORTED ALPHABETICALLY BY Name 

address   name                          
-------   ----                          
00000e11  C$$EXIT                       
00000def  CPUcpsie                      
2000020a  DebugVar                      
00000b1d  EEPROM_Get_Lock_State         
000008c1  EEPROM_Init                   
00000a6f  EEPROM_Lock                   
00000aef  EEPROM_Mass_Erase             
0000091b  EEPROM_READ                   
00000a27  EEPROM_Set_Password           
00000aa3  EEPROM_Unlock                 
0000099d  EEPROM_Write                  
00000437  HotelPrintPassword            
0000028f  HotelSystem                   
00000291  HotelSystemInput              
2000020b  Lock_Error                    
2000020c  Lock_State                    
00000dfb  ResetISR                      
2000020d  Set_Password_Error            
00000e07  SysCtlDelay                   
00000d5d  SysCtlPeripheralEnable        
00000cc9  SysCtlPeripheralReset         
000007b3  UART0Init                     
000007db  UART0IntInit                  
00000609  UART0_INT_Handler             
0000074d  UARTPrintChar                 
00000795  UARTPrintString               
00000771  UARTReadChar                  
000007ef  UartClearTerminal             
2000020e  Unlock_Error                  
20000200  __STACK_END                   
00000200  __STACK_SIZE                  
20000200  __STACK_TOP                   
00000e40  __TI_CINIT_Base               
00000e50  __TI_CINIT_Limit              
00000e28  __TI_Handler_Table_Base       
00000e34  __TI_Handler_Table_Limit      
00000d19  __TI_auto_init_nobinit_nopinit
00000c01  __TI_decompress_lzss          
00000de1  __TI_decompress_none          
ffffffff  __TI_pprof_out_hndl           
ffffffff  __TI_prof_data_size           
ffffffff  __TI_prof_data_start          
00000000  __TI_static_base__            
00000dc5  __TI_zero_init_nomemset       
00000b65  __aeabi_memcpy                
00000b65  __aeabi_memcpy4               
00000b65  __aeabi_memcpy8               
ffffffff  __binit__                     
ffffffff  __c_args__                    
UNDEFED   __mpu_init                    
20000000  __stack                       
00000d91  _c_int00_noargs               
UNDEFED   _system_post_cinit            
00000e0d  _system_pre_init              
00000e11  abort                         
ffffffff  binit                         
00000000  g_pfnVectors                  
00000c69  main                          
00000b65  memcpy                        
20000204  password                      
2000020f  password_count                
20000209  readchar                      
20000208  room_number                   
20000200  state                         
20000201  statebeginning                


GLOBAL SYMBOLS: SORTED BY Symbol Address 

address   name                          
-------   ----                          
00000000  __TI_static_base__            
00000000  g_pfnVectors                  
00000200  __STACK_SIZE                  
0000028f  HotelSystem                   
00000291  HotelSystemInput              
00000437  HotelPrintPassword            
00000609  UART0_INT_Handler             
0000074d  UARTPrintChar                 
00000771  UARTReadChar                  
00000795  UARTPrintString               
000007b3  UART0Init                     
000007db  UART0IntInit                  
000007ef  UartClearTerminal             
000008c1  EEPROM_Init                   
0000091b  EEPROM_READ                   
0000099d  EEPROM_Write                  
00000a27  EEPROM_Set_Password           
00000a6f  EEPROM_Lock                   
00000aa3  EEPROM_Unlock                 
00000aef  EEPROM_Mass_Erase             
00000b1d  EEPROM_Get_Lock_State         
00000b65  __aeabi_memcpy                
00000b65  __aeabi_memcpy4               
00000b65  __aeabi_memcpy8               
00000b65  memcpy                        
00000c01  __TI_decompress_lzss          
00000c69  main                          
00000cc9  SysCtlPeripheralReset         
00000d19  __TI_auto_init_nobinit_nopinit
00000d5d  SysCtlPeripheralEnable        
00000d91  _c_int00_noargs               
00000dc5  __TI_zero_init_nomemset       
00000de1  __TI_decompress_none          
00000def  CPUcpsie                      
00000dfb  ResetISR                      
00000e07  SysCtlDelay                   
00000e0d  _system_pre_init              
00000e11  C$$EXIT                       
00000e11  abort                         
00000e28  __TI_Handler_Table_Base       
00000e34  __TI_Handler_Table_Limit      
00000e40  __TI_CINIT_Base               
00000e50  __TI_CINIT_Limit              
20000000  __stack                       
20000200  __STACK_END                   
20000200  __STACK_TOP                   
20000200  state                         
20000201  statebeginning                
20000204  password                      
20000208  room_number                   
20000209  readchar                      
2000020a  DebugVar                      
2000020b  Lock_Error                    
2000020c  Lock_State                    
2000020d  Set_Password_Error            
2000020e  Unlock_Error                  
2000020f  password_count                
ffffffff  __TI_pprof_out_hndl           
ffffffff  __TI_prof_data_size           
ffffffff  __TI_prof_data_start          
ffffffff  __binit__                     
ffffffff  __c_args__                    
ffffffff  binit                         
UNDEFED   __mpu_init                    
UNDEFED   _system_post_cinit            

[65 symbols]
