******************************************************************************
                  TI ARM Linker Unix v18.12.4                  
******************************************************************************
>> Linked Thu Jun  4 19:08:39 2020

OUTPUT FILE NAME:   <Hotel_Room_UART.out>
ENTRY POINT SYMBOL: "_c_int00_noargs"  address: 000014b9


MEMORY CONFIGURATION

         name            origin    length      used     unused   attr    fill
----------------------  --------  ---------  --------  --------  ----  --------
  FLASH                 00000000   00040000  000016ba  0003e946  R  X
  SRAM                  20000000   00008000  0000034c  00007cb4  RW X


SEGMENT ALLOCATION MAP

run origin  load origin   length   init length attrs members
----------  ----------- ---------- ----------- ----- -------
00000000    00000000    000016c0   000016c0    r-x
  00000000    00000000    0000026c   0000026c    r-- .intvecs
  0000026c    0000026c    00001336   00001336    r-x .text
  000015a8    000015a8    00000118   00000118    r-- .cinit
20000000    20000000    0000034c   00000000    rw-
  20000000    20000000    00000200   00000000    rw- .stack
  20000200    20000200    0000011c   00000000    rw- .data
  2000031c    2000031c    00000030   00000000    rw- .bss


SECTION ALLOCATION MAP

 output                                  attributes/
section   page    origin      length       input sections
--------  ----  ----------  ----------   ----------------
.intvecs   0    00000000    0000026c     
                  00000000    0000026c     tm4c123gh6pm_startup_ccs.obj (.intvecs)

.text      0    0000026c    00001336     
                  0000026c    000004c8     HotelRoom.obj (.text)
                  00000734    000002b0     KBD_program.obj (.text)
                  000009e4    000002a4     DIO.obj (.text)
                  00000c88    000002a4     EEPROM.obj (.text)
                  00000f2c    000001e4     main.obj (.text)
                  00001110    0000019c     UART.obj (.text)
                  000012ac    0000009c     rtsv7M4_T_le_v4SPD16_eabi.lib : memcpy_t2.asm.obj (.text)
                  00001348    00000068                                   : copy_decompress_lzss.c.obj (.text:decompress:lzss:__TI_decompress_lzss)
                  000013b0    00000050     driverlib.lib : sysctl.obj (.text:SysCtlPeripheralReset)
                  00001400    00000044     rtsv7M4_T_le_v4SPD16_eabi.lib : autoinit.c.obj (.text:__TI_auto_init_nobinit_nopinit:__TI_auto_init_nobinit_nopinit)
                  00001444    00000040                                   : strtok.c.obj (.text:strtok)
                  00001484    00000034     driverlib.lib : sysctl.obj (.text:SysCtlPeripheralEnable)
                  000014b8    00000034     rtsv7M4_T_le_v4SPD16_eabi.lib : boot_cortex_m.c.obj (.text:_c_int00_noargs:_c_int00_noargs)
                  000014ec    0000002a                                   : strspn.c.obj (.text:strspn)
                  00001516    00000024                                   : strcspn.c.obj (.text:strcspn)
                  0000153a    0000001c                                   : copy_zero_init.c.obj (.text:decompress:ZI:__TI_zero_init_nomemset:__TI_zero_init_nomemset)
                  00001556    00000018                                   : strcmp.c.obj (.text:strcmp)
                  0000156e    0000000e                                   : copy_decompress_none.c.obj (.text:decompress:none:__TI_decompress_none)
                  0000157c    0000000c     driverlib.lib : cpu.obj (.text:CPUcpsie)
                  00001588    0000000c     tm4c123gh6pm_startup_ccs.obj (.text)
                  00001594    00000006     driverlib.lib : sysctl.obj (.text:SysCtlDelay)
                  0000159a    00000004     rtsv7M4_T_le_v4SPD16_eabi.lib : pre_init.c.obj (.text:_system_pre_init)
                  0000159e    00000004                                   : exit.c.obj (.text:abort:abort)

.cinit     0    000015a8    00000118     
                  000015a8    000000f1     (.cinit..data.load) [load image, compression = lzss]
                  00001699    00000003     --HOLE-- [fill = 0]
                  0000169c    0000000c     (__TI_handler_table)
                  000016a8    00000008     (.cinit..bss.load) [load image, compression = zero_init]
                  000016b0    00000010     (__TI_cinit_table)

.init_array 
*          0    00000000    00000000     UNINITIALIZED

.data      0    20000200    0000011c     UNINITIALIZED
                  20000200    00000018     DIO.obj (.data:DIO_AfselRegisters)
                  20000218    00000018     DIO.obj (.data:DIO_Amsel_Registers)
                  20000230    00000018     DIO.obj (.data:DIO_Commit_Registers)
                  20000248    00000018     DIO.obj (.data:DIO_DEN_Registers)
                  20000260    00000018     DIO.obj (.data:DIO_DirRegisters)
                  20000278    00000018     DIO.obj (.data:DIO_Lock_Registers)
                  20000290    00000018     DIO.obj (.data:DIO_OutRegisters)
                  200002a8    00000018     DIO.obj (.data:DIO_Port_Control_Registers)
                  200002c0    00000018     DIO.obj (.data:DIO_Port_Pull_Down)
                  200002d8    00000018     DIO.obj (.data:DIO_Port_Pull_Up)
                  200002f0    00000010     KBD_program.obj (.data:key_map)
                  20000300    0000000d     HotelRoom.obj (.data)
                  2000030d    00000009     HotelRoom.obj (.data:Room_Numbers)
                  20000316    00000002     UART.obj (.data)
                  20000318    00000004     rtsv7M4_T_le_v4SPD16_eabi.lib : strtok.c.obj (.data)

.bss       0    2000031c    00000030     UNINITIALIZED
                  2000031c    00000014     (.common:uart_input_buffer)
                  20000330    00000010     (.common:keys)
                  20000340    00000004     (.common:KBD_Au8ColsPins)
                  20000344    00000004     (.common:KBD_Au8RowsPins)
                  20000348    00000001     (.common:Lock_Error)
                  20000349    00000001     (.common:Set_Password_Error)
                  2000034a    00000001     (.common:Unlock_Error)
                  2000034b    00000001     (.common:pressed)

.stack     0    20000000    00000200     UNINITIALIZED
                  20000000    00000004     rtsv7M4_T_le_v4SPD16_eabi.lib : boot_cortex_m.c.obj (.stack)
                  20000004    000001fc     --HOLE--

MODULE SUMMARY

       Module                         code   ro data   rw data
       ------                         ----   -------   -------
    ./
       HotelRoom.obj                  1224   0         25     
       DIO.obj                        676    0         240    
       KBD_program.obj                688    0         41     
       EEPROM.obj                     676    0         0      
       tm4c123gh6pm_startup_ccs.obj   12     620       0      
       main.obj                       484    0         0      
       UART.obj                       412    0         22     
    +--+------------------------------+------+---------+---------+
       Total:                         4172   620       328    
                                                              
    /home/tho/ti/TivaWare_C_Series-2.1.4.178/driverlib/ccs/Debug/driverlib.lib
       sysctl.obj                     138    0         0      
       cpu.obj                        12     0         0      
    +--+------------------------------+------+---------+---------+
       Total:                         150    0         0      
                                                              
    /home/tho/ti/ccs930/ccs/tools/compiler/ti-cgt-arm_18.12.4.LTS/lib/rtsv7M4_T_le_v4SPD16_eabi.lib
       memcpy_t2.asm.obj              156    0         0      
       copy_decompress_lzss.c.obj     104    0         0      
       autoinit.c.obj                 68     0         0      
       strtok.c.obj                   64     0         4      
       boot_cortex_m.c.obj            52     0         0      
       strspn.c.obj                   42     0         0      
       strcspn.c.obj                  36     0         0      
       copy_zero_init.c.obj           28     0         0      
       strcmp.c.obj                   24     0         0      
       copy_decompress_none.c.obj     14     0         0      
       exit.c.obj                     4      0         0      
       pre_init.c.obj                 4      0         0      
    +--+------------------------------+------+---------+---------+
       Total:                         596    0         4      
                                                              
       Stack:                         0      0         512    
       Linker Generated:              0      277       0      
    +--+------------------------------+------+---------+---------+
       Grand Total:                   4918   897       844    


LINKER GENERATED COPY TABLES

__TI_cinit_table @ 000016b0 records: 2, size/record: 8, table size: 16
	.data: load addr=000015a8, load size=000000f1 bytes, run addr=20000200, run size=0000011c bytes, compression=lzss
	.bss: load addr=000016a8, load size=00000008 bytes, run addr=2000031c, run size=00000030 bytes, compression=zero_init


LINKER GENERATED HANDLER TABLE

__TI_handler_table @ 0000169c records: 3, size/record: 4, table size: 12
	index: 0, handler: __TI_decompress_lzss
	index: 1, handler: __TI_decompress_none
	index: 2, handler: __TI_zero_init


GLOBAL SYMBOLS: SORTED ALPHABETICALLY BY Name 

address   name                          
-------   ----                          
0000159f  C$$EXIT                       
0000157d  CPUcpsie                      
20000200  DIO_AfselRegisters            
20000218  DIO_Amsel_Registers           
20000230  DIO_Commit_Registers          
20000248  DIO_DEN_Registers             
20000260  DIO_DirRegisters              
00000c0b  DIO_GetPinValue               
20000278  DIO_Lock_Registers            
20000290  DIO_OutRegisters              
000009e5  DIO_PortInit                  
200002a8  DIO_Port_Control_Registers    
200002c0  DIO_Port_Pull_Down            
200002d8  DIO_Port_Pull_Up              
00000add  DIO_Pull_Pin_Down             
00000a95  DIO_Pull_Pin_Up               
00000b25  DIO_SetPinDirection           
00000b97  DIO_SetPinValue               
00000a39  DIO_SetPortDirection          
00000a75  DIO_SetPortValue              
00000ee5  EEPROM_Get_Lock_State         
00000c89  EEPROM_Init                   
00000e37  EEPROM_Lock                   
00000eb7  EEPROM_Mass_Erase             
00000ce3  EEPROM_READ                   
00000def  EEPROM_Set_Password           
00000e6b  EEPROM_Unlock                 
00000d65  EEPROM_Write                  
0000026d  HotelPrintDefault             
00000565  HotelPrintPassword            
000002d7  HotelTerminal                 
20000340  KBD_Au8ColsPins               
20000344  KBD_Au8RowsPins               
00000995  KBD_keys_map                  
00000735  KBD_u8GetKeyPadState          
000007ed  KBD_u8Initialize              
20000348  Lock_Error                    
00001589  ResetISR                      
2000030a  RoomCheckedIn                 
2000030d  Room_Numbers                  
20000349  Set_Password_Error            
00001595  SysCtlDelay                   
00001485  SysCtlPeripheralEnable        
000013b1  SysCtlPeripheralReset         
00001217  UART0Init                     
0000123f  UART0IntInit                  
00001111  UART0_INT_Handler             
000011b1  UARTPrintChar                 
000011f9  UARTPrintString               
000011d5  UARTReadChar                  
00001253  UartClearTerminal             
0000125d  UartNewLine                   
2000034a  Unlock_Error                  
20000200  __STACK_END                   
00000200  __STACK_SIZE                  
20000200  __STACK_TOP                   
000016b0  __TI_CINIT_Base               
000016c0  __TI_CINIT_Limit              
0000169c  __TI_Handler_Table_Base       
000016a8  __TI_Handler_Table_Limit      
00001401  __TI_auto_init_nobinit_nopinit
00001349  __TI_decompress_lzss          
0000156f  __TI_decompress_none          
ffffffff  __TI_pprof_out_hndl           
ffffffff  __TI_prof_data_size           
ffffffff  __TI_prof_data_start          
00000000  __TI_static_base__            
0000153b  __TI_zero_init_nomemset       
000012ad  __aeabi_memcpy                
000012ad  __aeabi_memcpy4               
000012ad  __aeabi_memcpy8               
ffffffff  __binit__                     
ffffffff  __c_args__                    
UNDEFED   __mpu_init                    
20000000  __stack                       
000014b9  _c_int00_noargs               
UNDEFED   _system_post_cinit            
0000159b  _system_pre_init              
0000159f  abort                         
ffffffff  binit                         
00000000  g_pfnVectors                  
200002f0  key_map                       
20000330  keys                          
20000317  loop_count                    
00000f2d  main                          
000012ad  memcpy                        
2000030b  occupied                      
20000304  password                      
2000034b  pressed                       
20000309  readchar                      
20000308  room_number                   
2000030c  solenoid_locked               
20000300  statebeginning                
00001557  strcmp                        
00001517  strcspn                       
000014ed  strspn                        
00001445  strtok                        
2000031c  uart_input_buffer             
20000316  uart_input_buffer_count       


GLOBAL SYMBOLS: SORTED BY Symbol Address 

address   name                          
-------   ----                          
00000000  __TI_static_base__            
00000000  g_pfnVectors                  
00000200  __STACK_SIZE                  
0000026d  HotelPrintDefault             
000002d7  HotelTerminal                 
00000565  HotelPrintPassword            
00000735  KBD_u8GetKeyPadState          
000007ed  KBD_u8Initialize              
00000995  KBD_keys_map                  
000009e5  DIO_PortInit                  
00000a39  DIO_SetPortDirection          
00000a75  DIO_SetPortValue              
00000a95  DIO_Pull_Pin_Up               
00000add  DIO_Pull_Pin_Down             
00000b25  DIO_SetPinDirection           
00000b97  DIO_SetPinValue               
00000c0b  DIO_GetPinValue               
00000c89  EEPROM_Init                   
00000ce3  EEPROM_READ                   
00000d65  EEPROM_Write                  
00000def  EEPROM_Set_Password           
00000e37  EEPROM_Lock                   
00000e6b  EEPROM_Unlock                 
00000eb7  EEPROM_Mass_Erase             
00000ee5  EEPROM_Get_Lock_State         
00000f2d  main                          
00001111  UART0_INT_Handler             
000011b1  UARTPrintChar                 
000011d5  UARTReadChar                  
000011f9  UARTPrintString               
00001217  UART0Init                     
0000123f  UART0IntInit                  
00001253  UartClearTerminal             
0000125d  UartNewLine                   
000012ad  __aeabi_memcpy                
000012ad  __aeabi_memcpy4               
000012ad  __aeabi_memcpy8               
000012ad  memcpy                        
00001349  __TI_decompress_lzss          
000013b1  SysCtlPeripheralReset         
00001401  __TI_auto_init_nobinit_nopinit
00001445  strtok                        
00001485  SysCtlPeripheralEnable        
000014b9  _c_int00_noargs               
000014ed  strspn                        
00001517  strcspn                       
0000153b  __TI_zero_init_nomemset       
00001557  strcmp                        
0000156f  __TI_decompress_none          
0000157d  CPUcpsie                      
00001589  ResetISR                      
00001595  SysCtlDelay                   
0000159b  _system_pre_init              
0000159f  C$$EXIT                       
0000159f  abort                         
0000169c  __TI_Handler_Table_Base       
000016a8  __TI_Handler_Table_Limit      
000016b0  __TI_CINIT_Base               
000016c0  __TI_CINIT_Limit              
20000000  __stack                       
20000200  DIO_AfselRegisters            
20000200  __STACK_END                   
20000200  __STACK_TOP                   
20000218  DIO_Amsel_Registers           
20000230  DIO_Commit_Registers          
20000248  DIO_DEN_Registers             
20000260  DIO_DirRegisters              
20000278  DIO_Lock_Registers            
20000290  DIO_OutRegisters              
200002a8  DIO_Port_Control_Registers    
200002c0  DIO_Port_Pull_Down            
200002d8  DIO_Port_Pull_Up              
200002f0  key_map                       
20000300  statebeginning                
20000304  password                      
20000308  room_number                   
20000309  readchar                      
2000030a  RoomCheckedIn                 
2000030b  occupied                      
2000030c  solenoid_locked               
2000030d  Room_Numbers                  
20000316  uart_input_buffer_count       
20000317  loop_count                    
2000031c  uart_input_buffer             
20000330  keys                          
20000340  KBD_Au8ColsPins               
20000344  KBD_Au8RowsPins               
20000348  Lock_Error                    
20000349  Set_Password_Error            
2000034a  Unlock_Error                  
2000034b  pressed                       
ffffffff  __TI_pprof_out_hndl           
ffffffff  __TI_prof_data_size           
ffffffff  __TI_prof_data_start          
ffffffff  __binit__                     
ffffffff  __c_args__                    
ffffffff  binit                         
UNDEFED   __mpu_init                    
UNDEFED   _system_post_cinit            

[99 symbols]
