******************************************************************************
                  TI ARM Linker Unix v18.12.4                  
******************************************************************************
>> Linked Tue May 26 12:45:25 2020

OUTPUT FILE NAME:   <Hotel_Room_UART.out>
ENTRY POINT SYMBOL: "_c_int00_noargs"  address: 00001465


MEMORY CONFIGURATION

         name            origin    length      used     unused   attr    fill
----------------------  --------  ---------  --------  --------  ----  --------
  FLASH                 00000000   00040000  00001666  0003e99a  R  X
  SRAM                  20000000   00008000  0000034c  00007cb4  RW X


SEGMENT ALLOCATION MAP

run origin  load origin   length   init length attrs members
----------  ----------- ---------- ----------- ----- -------
00000000    00000000    00001668   00001668    r-x
  00000000    00000000    0000026c   0000026c    r-- .intvecs
  0000026c    0000026c    000012e2   000012e2    r-x .text
  00001550    00001550    00000118   00000118    r-- .cinit
20000000    20000000    0000034c   00000000    rw-
  20000000    20000000    00000200   00000000    rw- .stack
  20000200    20000200    0000011c   00000000    rw- .data
  2000031c    2000031c    00000030   00000000    rw- .bss


SECTION ALLOCATION MAP

 output                                  attributes/
section   page    origin      length       input sections
--------  ----  ----------  ----------   ----------------
.intvecs   0    00000000    0000026c     
                  00000000    0000026c     tm4c123gh6pm_startup_ccs.obj (.intvecs)

.text      0    0000026c    000012e2     
                  0000026c    000004a0     HotelRoom.obj (.text)
                  0000070c    000002b0     KBD_program.obj (.text)
                  000009bc    000002a4     DIO.obj (.text)
                  00000c60    000002a4     EEPROM.obj (.text)
                  00000f04    000001c0     main.obj (.text)
                  000010c4    00000194     UART.obj (.text)
                  00001258    0000009c     rtsv7M4_T_le_v4SPD16_eabi.lib : memcpy_t2.asm.obj (.text)
                  000012f4    00000068                                   : copy_decompress_lzss.c.obj (.text:decompress:lzss:__TI_decompress_lzss)
                  0000135c    00000050     driverlib.lib : sysctl.obj (.text:SysCtlPeripheralReset)
                  000013ac    00000044     rtsv7M4_T_le_v4SPD16_eabi.lib : autoinit.c.obj (.text:__TI_auto_init_nobinit_nopinit:__TI_auto_init_nobinit_nopinit)
                  000013f0    00000040                                   : strtok.c.obj (.text:strtok)
                  00001430    00000034     driverlib.lib : sysctl.obj (.text:SysCtlPeripheralEnable)
                  00001464    00000034     rtsv7M4_T_le_v4SPD16_eabi.lib : boot_cortex_m.c.obj (.text:_c_int00_noargs:_c_int00_noargs)
                  00001498    0000002a                                   : strspn.c.obj (.text:strspn)
                  000014c2    00000024                                   : strcspn.c.obj (.text:strcspn)
                  000014e6    0000001c                                   : copy_zero_init.c.obj (.text:decompress:ZI:__TI_zero_init_nomemset:__TI_zero_init_nomemset)
                  00001502    00000018                                   : strcmp.c.obj (.text:strcmp)
                  0000151a    0000000e                                   : copy_decompress_none.c.obj (.text:decompress:none:__TI_decompress_none)
                  00001528    0000000c     driverlib.lib : cpu.obj (.text:CPUcpsie)
                  00001534    0000000c     tm4c123gh6pm_startup_ccs.obj (.text)
                  00001540    00000006     driverlib.lib : sysctl.obj (.text:SysCtlDelay)
                  00001546    00000004     rtsv7M4_T_le_v4SPD16_eabi.lib : pre_init.c.obj (.text:_system_pre_init)
                  0000154a    00000004                                   : exit.c.obj (.text:abort:abort)

.cinit     0    00001550    00000118     
                  00001550    000000ed     (.cinit..data.load) [load image, compression = lzss]
                  0000163d    00000003     --HOLE-- [fill = 0]
                  00001640    0000000c     (__TI_handler_table)
                  0000164c    00000004     --HOLE-- [fill = 0]
                  00001650    00000008     (.cinit..bss.load) [load image, compression = zero_init]
                  00001658    00000010     (__TI_cinit_table)

.init_array 
*          0    00000000    00000000     UNINITIALIZED

.data      0    20000200    0000011c     UNINITIALIZED
                  20000200    00000018     DIO.obj (.data:DIO_AfselRegisters)
                  20000218    00000018     DIO.obj (.data:DIO_Amsel_Registers)
                  20000230    00000018     DIO.obj (.data:DIO_Commit_Registers)
                  20000248    00000018     DIO.obj (.data:DIO_DEN_Registers)
                  20000260    00000018     DIO.obj (.data:DIO_DirRegisters)
                  20000278    00000018     DIO.obj (.data:DIO_Lock_Registers)
                  20000290    00000018     DIO.obj (.data:DIO_OutRegisters)
                  200002a8    00000018     DIO.obj (.data:DIO_Port_Control_Registers)
                  200002c0    00000018     DIO.obj (.data:DIO_Port_Pull_Down)
                  200002d8    00000018     DIO.obj (.data:DIO_Port_Pull_Up)
                  200002f0    00000010     KBD_program.obj (.data:key_map)
                  20000300    0000000c     HotelRoom.obj (.data)
                  2000030c    00000009     HotelRoom.obj (.data:Room_Numbers)
                  20000315    00000002     UART.obj (.data)
                  20000317    00000001     --HOLE--
                  20000318    00000004     rtsv7M4_T_le_v4SPD16_eabi.lib : strtok.c.obj (.data)

.bss       0    2000031c    00000030     UNINITIALIZED
                  2000031c    00000014     (.common:uart_input_buffer)
                  20000330    00000010     (.common:keys)
                  20000340    00000004     (.common:KBD_Au8ColsPins)
                  20000344    00000004     (.common:KBD_Au8RowsPins)
                  20000348    00000001     (.common:Lock_Error)
                  20000349    00000001     (.common:Set_Password_Error)
                  2000034a    00000001     (.common:Unlock_Error)
                  2000034b    00000001     (.common:pressed)

.stack     0    20000000    00000200     UNINITIALIZED
                  20000000    00000004     rtsv7M4_T_le_v4SPD16_eabi.lib : boot_cortex_m.c.obj (.stack)
                  20000004    000001fc     --HOLE--

MODULE SUMMARY

       Module                         code   ro data   rw data
       ------                         ----   -------   -------
    ./
       HotelRoom.obj                  1184   0         24     
       DIO.obj                        676    0         240    
       KBD_program.obj                688    0         41     
       EEPROM.obj                     676    0         0      
       tm4c123gh6pm_startup_ccs.obj   12     620       0      
       main.obj                       448    0         0      
       UART.obj                       404    0         22     
    +--+------------------------------+------+---------+---------+
       Total:                         4088   620       327    
                                                              
    /home/tho/ti/TivaWare_C_Series-2.1.4.178/driverlib/ccs/Debug/driverlib.lib
       sysctl.obj                     138    0         0      
       cpu.obj                        12     0         0      
    +--+------------------------------+------+---------+---------+
       Total:                         150    0         0      
                                                              
    /home/tho/ti/ccs930/ccs/tools/compiler/ti-cgt-arm_18.12.4.LTS/lib/rtsv7M4_T_le_v4SPD16_eabi.lib
       memcpy_t2.asm.obj              156    0         0      
       copy_decompress_lzss.c.obj     104    0         0      
       autoinit.c.obj                 68     0         0      
       strtok.c.obj                   64     0         4      
       boot_cortex_m.c.obj            52     0         0      
       strspn.c.obj                   42     0         0      
       strcspn.c.obj                  36     0         0      
       copy_zero_init.c.obj           28     0         0      
       strcmp.c.obj                   24     0         0      
       copy_decompress_none.c.obj     14     0         0      
       exit.c.obj                     4      0         0      
       pre_init.c.obj                 4      0         0      
    +--+------------------------------+------+---------+---------+
       Total:                         596    0         4      
                                                              
       Stack:                         0      0         512    
       Linker Generated:              0      273       0      
    +--+------------------------------+------+---------+---------+
       Grand Total:                   4834   893       843    


LINKER GENERATED COPY TABLES

__TI_cinit_table @ 00001658 records: 2, size/record: 8, table size: 16
	.data: load addr=00001550, load size=000000ed bytes, run addr=20000200, run size=0000011c bytes, compression=lzss
	.bss: load addr=00001650, load size=00000008 bytes, run addr=2000031c, run size=00000030 bytes, compression=zero_init


LINKER GENERATED HANDLER TABLE

__TI_handler_table @ 00001640 records: 3, size/record: 4, table size: 12
	index: 0, handler: __TI_decompress_lzss
	index: 1, handler: __TI_decompress_none
	index: 2, handler: __TI_zero_init


GLOBAL SYMBOLS: SORTED ALPHABETICALLY BY Name 

address   name                          
-------   ----                          
0000154b  C$$EXIT                       
00001529  CPUcpsie                      
20000200  DIO_AfselRegisters            
20000218  DIO_Amsel_Registers           
20000230  DIO_Commit_Registers          
20000248  DIO_DEN_Registers             
20000260  DIO_DirRegisters              
00000be3  DIO_GetPinValue               
20000278  DIO_Lock_Registers            
20000290  DIO_OutRegisters              
000009bd  DIO_PortInit                  
200002a8  DIO_Port_Control_Registers    
200002c0  DIO_Port_Pull_Down            
200002d8  DIO_Port_Pull_Up              
00000ab5  DIO_Pull_Pin_Down             
00000a6d  DIO_Pull_Pin_Up               
00000afd  DIO_SetPinDirection           
00000b6f  DIO_SetPinValue               
00000a11  DIO_SetPortDirection          
00000a4d  DIO_SetPortValue              
00000ebd  EEPROM_Get_Lock_State         
00000c61  EEPROM_Init                   
00000e0f  EEPROM_Lock                   
00000e8f  EEPROM_Mass_Erase             
00000cbb  EEPROM_READ                   
00000dc7  EEPROM_Set_Password           
00000e43  EEPROM_Unlock                 
00000d3d  EEPROM_Write                  
0000026d  HotelPrintDefault             
00000501  HotelPrintPassword            
000002d7  HotelTerminal                 
20000340  KBD_Au8ColsPins               
20000344  KBD_Au8RowsPins               
0000096d  KBD_keys_map                  
0000070d  KBD_u8GetKeyPadState          
000007c5  KBD_u8Initialize              
20000348  Lock_Error                    
00001535  ResetISR                      
2000030a  RoomCheckedIn                 
2000030c  Room_Numbers                  
20000349  Set_Password_Error            
00001541  SysCtlDelay                   
00001431  SysCtlPeripheralEnable        
0000135d  SysCtlPeripheralReset         
000011c5  UART0Init                     
000011ed  UART0IntInit                  
000010c5  UART0_INT_Handler             
0000115f  UARTPrintChar                 
000011a7  UARTPrintString               
00001183  UARTReadChar                  
00001201  UartClearTerminal             
0000120b  UartNewLine                   
2000034a  Unlock_Error                  
20000200  __STACK_END                   
00000200  __STACK_SIZE                  
20000200  __STACK_TOP                   
00001658  __TI_CINIT_Base               
00001668  __TI_CINIT_Limit              
00001640  __TI_Handler_Table_Base       
0000164c  __TI_Handler_Table_Limit      
000013ad  __TI_auto_init_nobinit_nopinit
000012f5  __TI_decompress_lzss          
0000151b  __TI_decompress_none          
ffffffff  __TI_pprof_out_hndl           
ffffffff  __TI_prof_data_size           
ffffffff  __TI_prof_data_start          
00000000  __TI_static_base__            
000014e7  __TI_zero_init_nomemset       
00001259  __aeabi_memcpy                
00001259  __aeabi_memcpy4               
00001259  __aeabi_memcpy8               
ffffffff  __binit__                     
ffffffff  __c_args__                    
UNDEFED   __mpu_init                    
20000000  __stack                       
00001465  _c_int00_noargs               
UNDEFED   _system_post_cinit            
00001547  _system_pre_init              
0000154b  abort                         
ffffffff  binit                         
00000000  g_pfnVectors                  
200002f0  key_map                       
20000330  keys                          
20000316  loop_count                    
00000f05  main                          
00001259  memcpy                        
2000030b  occupied                      
20000304  password                      
2000034b  pressed                       
20000309  readchar                      
20000308  room_number                   
20000300  state                         
20000301  statebeginning                
00001503  strcmp                        
000014c3  strcspn                       
00001499  strspn                        
000013f1  strtok                        
2000031c  uart_input_buffer             
20000315  uart_input_buffer_count       


GLOBAL SYMBOLS: SORTED BY Symbol Address 

address   name                          
-------   ----                          
00000000  __TI_static_base__            
00000000  g_pfnVectors                  
00000200  __STACK_SIZE                  
0000026d  HotelPrintDefault             
000002d7  HotelTerminal                 
00000501  HotelPrintPassword            
0000070d  KBD_u8GetKeyPadState          
000007c5  KBD_u8Initialize              
0000096d  KBD_keys_map                  
000009bd  DIO_PortInit                  
00000a11  DIO_SetPortDirection          
00000a4d  DIO_SetPortValue              
00000a6d  DIO_Pull_Pin_Up               
00000ab5  DIO_Pull_Pin_Down             
00000afd  DIO_SetPinDirection           
00000b6f  DIO_SetPinValue               
00000be3  DIO_GetPinValue               
00000c61  EEPROM_Init                   
00000cbb  EEPROM_READ                   
00000d3d  EEPROM_Write                  
00000dc7  EEPROM_Set_Password           
00000e0f  EEPROM_Lock                   
00000e43  EEPROM_Unlock                 
00000e8f  EEPROM_Mass_Erase             
00000ebd  EEPROM_Get_Lock_State         
00000f05  main                          
000010c5  UART0_INT_Handler             
0000115f  UARTPrintChar                 
00001183  UARTReadChar                  
000011a7  UARTPrintString               
000011c5  UART0Init                     
000011ed  UART0IntInit                  
00001201  UartClearTerminal             
0000120b  UartNewLine                   
00001259  __aeabi_memcpy                
00001259  __aeabi_memcpy4               
00001259  __aeabi_memcpy8               
00001259  memcpy                        
000012f5  __TI_decompress_lzss          
0000135d  SysCtlPeripheralReset         
000013ad  __TI_auto_init_nobinit_nopinit
000013f1  strtok                        
00001431  SysCtlPeripheralEnable        
00001465  _c_int00_noargs               
00001499  strspn                        
000014c3  strcspn                       
000014e7  __TI_zero_init_nomemset       
00001503  strcmp                        
0000151b  __TI_decompress_none          
00001529  CPUcpsie                      
00001535  ResetISR                      
00001541  SysCtlDelay                   
00001547  _system_pre_init              
0000154b  C$$EXIT                       
0000154b  abort                         
00001640  __TI_Handler_Table_Base       
0000164c  __TI_Handler_Table_Limit      
00001658  __TI_CINIT_Base               
00001668  __TI_CINIT_Limit              
20000000  __stack                       
20000200  DIO_AfselRegisters            
20000200  __STACK_END                   
20000200  __STACK_TOP                   
20000218  DIO_Amsel_Registers           
20000230  DIO_Commit_Registers          
20000248  DIO_DEN_Registers             
20000260  DIO_DirRegisters              
20000278  DIO_Lock_Registers            
20000290  DIO_OutRegisters              
200002a8  DIO_Port_Control_Registers    
200002c0  DIO_Port_Pull_Down            
200002d8  DIO_Port_Pull_Up              
200002f0  key_map                       
20000300  state                         
20000301  statebeginning                
20000304  password                      
20000308  room_number                   
20000309  readchar                      
2000030a  RoomCheckedIn                 
2000030b  occupied                      
2000030c  Room_Numbers                  
20000315  uart_input_buffer_count       
20000316  loop_count                    
2000031c  uart_input_buffer             
20000330  keys                          
20000340  KBD_Au8ColsPins               
20000344  KBD_Au8RowsPins               
20000348  Lock_Error                    
20000349  Set_Password_Error            
2000034a  Unlock_Error                  
2000034b  pressed                       
ffffffff  __TI_pprof_out_hndl           
ffffffff  __TI_prof_data_size           
ffffffff  __TI_prof_data_start          
ffffffff  __binit__                     
ffffffff  __c_args__                    
ffffffff  binit                         
UNDEFED   __mpu_init                    
UNDEFED   _system_post_cinit            

[99 symbols]
