******************************************************************************
                  TI ARM Linker Unix v18.12.4                  
******************************************************************************
>> Linked Sun May 24 15:58:16 2020

OUTPUT FILE NAME:   <Hotel_Room_UART.out>
ENTRY POINT SYMBOL: "_c_int00_noargs"  address: 00000be5


MEMORY CONFIGURATION

         name            origin    length      used     unused   attr    fill
----------------------  --------  ---------  --------  --------  ----  --------
  FLASH                 00000000   00040000  00000ca0  0003f360  R  X
  SRAM                  20000000   00008000  00000210  00007df0  RW X


SEGMENT ALLOCATION MAP

run origin  load origin   length   init length attrs members
----------  ----------- ---------- ----------- ----- -------
00000000    00000000    00000ca0   00000ca0    r-x
  00000000    00000000    0000026c   0000026c    r-- .intvecs
  0000026c    0000026c    000009fc   000009fc    r-x .text
  00000c68    00000c68    00000038   00000038    r-- .cinit
20000000    20000000    00000210   00000000    rw-
  20000000    20000000    00000200   00000000    rw- .stack
  20000200    20000200    0000000b   00000000    rw- .data
  2000020b    2000020b    00000005   00000000    rw- .bss


SECTION ALLOCATION MAP

 output                                  attributes/
section   page    origin      length       input sections
--------  ----  ----------  ----------   ----------------
.intvecs   0    00000000    0000026c     
                  00000000    0000026c     tm4c123gh6pm_startup_ccs.obj (.intvecs)

.text      0    0000026c    000009fc     
                  0000026c    000002b8     UART.obj (.text)
                  00000524    000002a4     EEPROM.obj (.text)
                  000007c8    000001ec     HotelRoom.obj (.text)
                  000009b4    0000009c     rtsv7M4_T_le_v4SPD16_eabi.lib : memcpy_t2.asm.obj (.text)
                  00000a50    00000068                                   : copy_decompress_lzss.c.obj (.text:decompress:lzss:__TI_decompress_lzss)
                  00000ab8    00000064     main.obj (.text)
                  00000b1c    00000050     driverlib.lib : sysctl.obj (.text:SysCtlPeripheralReset)
                  00000b6c    00000044     rtsv7M4_T_le_v4SPD16_eabi.lib : autoinit.c.obj (.text:__TI_auto_init_nobinit_nopinit:__TI_auto_init_nobinit_nopinit)
                  00000bb0    00000034     driverlib.lib : sysctl.obj (.text:SysCtlPeripheralEnable)
                  00000be4    00000034     rtsv7M4_T_le_v4SPD16_eabi.lib : boot_cortex_m.c.obj (.text:_c_int00_noargs:_c_int00_noargs)
                  00000c18    0000001c                                   : copy_zero_init.c.obj (.text:decompress:ZI:__TI_zero_init_nomemset:__TI_zero_init_nomemset)
                  00000c34    0000000e                                   : copy_decompress_none.c.obj (.text:decompress:none:__TI_decompress_none)
                  00000c42    0000000c     driverlib.lib : cpu.obj (.text:CPUcpsie)
                  00000c4e    0000000c     tm4c123gh6pm_startup_ccs.obj (.text)
                  00000c5a    00000006     driverlib.lib : sysctl.obj (.text:SysCtlDelay)
                  00000c60    00000004     rtsv7M4_T_le_v4SPD16_eabi.lib : pre_init.c.obj (.text:_system_pre_init)
                  00000c64    00000004                                   : exit.c.obj (.text:abort:abort)

.cinit     0    00000c68    00000038     
                  00000c68    0000000e     (.cinit..data.load) [load image, compression = lzss]
                  00000c76    00000002     --HOLE-- [fill = 0]
                  00000c78    0000000c     (__TI_handler_table)
                  00000c84    00000004     --HOLE-- [fill = 0]
                  00000c88    00000008     (.cinit..bss.load) [load image, compression = zero_init]
                  00000c90    00000010     (__TI_cinit_table)

.init_array 
*          0    00000000    00000000     UNINITIALIZED

.data      0    20000200    0000000b     UNINITIALIZED
                  20000200    0000000a     HotelRoom.obj (.data)
                  2000020a    00000001     main.obj (.data)

.bss       0    2000020b    00000005     UNINITIALIZED
                  2000020b    00000001     (.common:Lock_Error)
                  2000020c    00000001     (.common:Lock_State)
                  2000020d    00000001     (.common:Set_Password_Error)
                  2000020e    00000001     (.common:Unlock_Error)
                  2000020f    00000001     (.common:password_count)

.stack     0    20000000    00000200     UNINITIALIZED
                  20000000    00000004     rtsv7M4_T_le_v4SPD16_eabi.lib : boot_cortex_m.c.obj (.stack)
                  20000004    000001fc     --HOLE--

MODULE SUMMARY

       Module                         code   ro data   rw data
       ------                         ----   -------   -------
    ./
       UART.obj                       696    0         0      
       EEPROM.obj                     676    0         0      
       tm4c123gh6pm_startup_ccs.obj   12     620       0      
       HotelRoom.obj                  492    0         15     
       main.obj                       100    0         1      
    +--+------------------------------+------+---------+---------+
       Total:                         1976   620       16     
                                                              
    /home/tho/ti/TivaWare_C_Series-2.1.4.178/driverlib/ccs/Debug/driverlib.lib
       sysctl.obj                     138    0         0      
       cpu.obj                        12     0         0      
    +--+------------------------------+------+---------+---------+
       Total:                         150    0         0      
                                                              
    /home/tho/ti/ccs930/ccs/tools/compiler/ti-cgt-arm_18.12.4.LTS/lib/rtsv7M4_T_le_v4SPD16_eabi.lib
       memcpy_t2.asm.obj              156    0         0      
       copy_decompress_lzss.c.obj     104    0         0      
       autoinit.c.obj                 68     0         0      
       boot_cortex_m.c.obj            52     0         0      
       copy_zero_init.c.obj           28     0         0      
       copy_decompress_none.c.obj     14     0         0      
       exit.c.obj                     4      0         0      
       pre_init.c.obj                 4      0         0      
    +--+------------------------------+------+---------+---------+
       Total:                         430    0         0      
                                                              
       Stack:                         0      0         512    
       Linker Generated:              0      50        0      
    +--+------------------------------+------+---------+---------+
       Grand Total:                   2556   670       528    


LINKER GENERATED COPY TABLES

__TI_cinit_table @ 00000c90 records: 2, size/record: 8, table size: 16
	.data: load addr=00000c68, load size=0000000e bytes, run addr=20000200, run size=0000000b bytes, compression=lzss
	.bss: load addr=00000c88, load size=00000008 bytes, run addr=2000020b, run size=00000005 bytes, compression=zero_init


LINKER GENERATED HANDLER TABLE

__TI_handler_table @ 00000c78 records: 3, size/record: 4, table size: 12
	index: 0, handler: __TI_decompress_lzss
	index: 1, handler: __TI_decompress_none
	index: 2, handler: __TI_zero_init


GLOBAL SYMBOLS: SORTED ALPHABETICALLY BY Name 

address   name                          
-------   ----                          
00000c65  C$$EXIT                       
00000c43  CPUcpsie                      
2000020a  DebugVar                      
00000781  EEPROM_Get_Lock_State         
00000525  EEPROM_Init                   
000006d3  EEPROM_Lock                   
00000753  EEPROM_Mass_Erase             
0000057f  EEPROM_READ                   
0000068b  EEPROM_Set_Password           
00000707  EEPROM_Unlock                 
00000601  EEPROM_Write                  
0000086d  HotelPrintPassword            
000007eb  HotelSystem                   
000007ed  HotelSystemInput              
2000020b  Lock_Error                    
2000020c  Lock_State                    
00000c4f  ResetISR                      
2000020d  Set_Password_Error            
00000c5b  SysCtlDelay                   
00000bb1  SysCtlPeripheralEnable        
00000b1d  SysCtlPeripheralReset         
00000417  UART0Init                     
0000043f  UART0IntInit                  
0000026d  UART0_INT_Handler             
000003b1  UARTPrintChar                 
000003f9  UARTPrintString               
000003d5  UARTReadChar                  
00000453  UartClearTerminal             
2000020e  Unlock_Error                  
20000200  __STACK_END                   
00000200  __STACK_SIZE                  
20000200  __STACK_TOP                   
00000c90  __TI_CINIT_Base               
00000ca0  __TI_CINIT_Limit              
00000c78  __TI_Handler_Table_Base       
00000c84  __TI_Handler_Table_Limit      
00000b6d  __TI_auto_init_nobinit_nopinit
00000a51  __TI_decompress_lzss          
00000c35  __TI_decompress_none          
ffffffff  __TI_pprof_out_hndl           
ffffffff  __TI_prof_data_size           
ffffffff  __TI_prof_data_start          
00000000  __TI_static_base__            
00000c19  __TI_zero_init_nomemset       
000009b5  __aeabi_memcpy                
000009b5  __aeabi_memcpy4               
000009b5  __aeabi_memcpy8               
ffffffff  __binit__                     
ffffffff  __c_args__                    
UNDEFED   __mpu_init                    
20000000  __stack                       
00000be5  _c_int00_noargs               
UNDEFED   _system_post_cinit            
00000c61  _system_pre_init              
00000c65  abort                         
ffffffff  binit                         
00000000  g_pfnVectors                  
00000ab9  main                          
000009b5  memcpy                        
20000204  password                      
2000020f  password_count                
20000209  readchar                      
20000208  room_number                   
20000200  state                         
20000201  statebeginning                


GLOBAL SYMBOLS: SORTED BY Symbol Address 

address   name                          
-------   ----                          
00000000  __TI_static_base__            
00000000  g_pfnVectors                  
00000200  __STACK_SIZE                  
0000026d  UART0_INT_Handler             
000003b1  UARTPrintChar                 
000003d5  UARTReadChar                  
000003f9  UARTPrintString               
00000417  UART0Init                     
0000043f  UART0IntInit                  
00000453  UartClearTerminal             
00000525  EEPROM_Init                   
0000057f  EEPROM_READ                   
00000601  EEPROM_Write                  
0000068b  EEPROM_Set_Password           
000006d3  EEPROM_Lock                   
00000707  EEPROM_Unlock                 
00000753  EEPROM_Mass_Erase             
00000781  EEPROM_Get_Lock_State         
000007eb  HotelSystem                   
000007ed  HotelSystemInput              
0000086d  HotelPrintPassword            
000009b5  __aeabi_memcpy                
000009b5  __aeabi_memcpy4               
000009b5  __aeabi_memcpy8               
000009b5  memcpy                        
00000a51  __TI_decompress_lzss          
00000ab9  main                          
00000b1d  SysCtlPeripheralReset         
00000b6d  __TI_auto_init_nobinit_nopinit
00000bb1  SysCtlPeripheralEnable        
00000be5  _c_int00_noargs               
00000c19  __TI_zero_init_nomemset       
00000c35  __TI_decompress_none          
00000c43  CPUcpsie                      
00000c4f  ResetISR                      
00000c5b  SysCtlDelay                   
00000c61  _system_pre_init              
00000c65  C$$EXIT                       
00000c65  abort                         
00000c78  __TI_Handler_Table_Base       
00000c84  __TI_Handler_Table_Limit      
00000c90  __TI_CINIT_Base               
00000ca0  __TI_CINIT_Limit              
20000000  __stack                       
20000200  __STACK_END                   
20000200  __STACK_TOP                   
20000200  state                         
20000201  statebeginning                
20000204  password                      
20000208  room_number                   
20000209  readchar                      
2000020a  DebugVar                      
2000020b  Lock_Error                    
2000020c  Lock_State                    
2000020d  Set_Password_Error            
2000020e  Unlock_Error                  
2000020f  password_count                
ffffffff  __TI_pprof_out_hndl           
ffffffff  __TI_prof_data_size           
ffffffff  __TI_prof_data_start          
ffffffff  __binit__                     
ffffffff  __c_args__                    
ffffffff  binit                         
UNDEFED   __mpu_init                    
UNDEFED   _system_post_cinit            

[65 symbols]
